[1m[32m   Compiling[0m proc-macro2 v1.0.94
[1m[32m   Compiling[0m quote v1.0.45
[1m[32m   Compiling[0m unicode-ident v1.0.18
[1m[32m   Compiling[0m cfg-if v1.0.0
[1m[32m   Compiling[0m libc v0.2.186
[1m[32m   Compiling[0m autocfg v1.4.0
[1m[32m   Compiling[0m version_check v0.9.5
[1m[32m   Compiling[0m typenum v1.18.0
[1m[32m   Compiling[0m generic-array v0.14.7
[1m[32m   Compiling[0m stable_deref_trait v1.2.0
[1m[32m   Compiling[0m syn v2.0.100
[1m[32m   Compiling[0m shlex v1.3.0
[1m[32m   Compiling[0m getrandom v0.2.15
[1m[32m   Compiling[0m semver v1.0.26
[1m[32m   Compiling[0m rand_core v0.6.4
[1m[32m   Compiling[0m getrandom v0.3.2
[1m[32m   Compiling[0m writeable v0.6.3
[1m[32m   Compiling[0m once_cell v1.21.3
[1m[32m   Compiling[0m crypto-common v0.1.6
[1m[32m   Compiling[0m num-traits v0.2.19
[1m[32m   Compiling[0m find-msvc-tools v0.1.9
[1m[32m   Compiling[0m memchr v2.7.6
[1m[32m   Compiling[0m cc v1.2.59
[1m[32m   Compiling[0m rustc_version v0.4.1
[1m[32m   Compiling[0m bitflags v2.9.4
[1m[32m   Compiling[0m glob v0.3.2
[1m[32m   Compiling[0m rustversion v1.0.20
[1m[32m   Compiling[0m litemap v0.8.2
[1m[32m   Compiling[0m smallvec v1.15.1
[1m[32m   Compiling[0m zerocopy v0.8.26
[1m[32m   Compiling[0m clang-sys v1.8.1
[1m[32m   Compiling[0m synstructure v0.13.1
[1m[32m   Compiling[0m aho-corasick v1.1.3
[1m[32m   Compiling[0m tracing-core v0.1.33
[1m[32m   Compiling[0m log v0.4.27
[1m[32m   Compiling[0m utf8_iter v1.0.4
[1m[32m   Compiling[0m prettyplease v0.2.34
[1m[32m   Compiling[0m crossbeam-utils v0.8.21
[1m[32m   Compiling[0m regex-syntax v0.8.5
[1m[32m   Compiling[0m rustix v0.38.44
[1m[32m   Compiling[0m zerofrom-derive v0.1.6
[1m[32m   Compiling[0m yoke-derive v0.8.2
[1m[32m   Compiling[0m zerofrom v0.1.6
[1m[32m   Compiling[0m zerovec-derive v0.11.3
[1m[32m   Compiling[0m yoke v0.8.2
[1m[32m   Compiling[0m displaydoc v0.2.5
[1m[32m   Compiling[0m zerovec v0.11.6
[1m[32m   Compiling[0m zerotrie v0.2.4
[1m[32m   Compiling[0m tinystr v0.8.3
[1m[32m   Compiling[0m icu_locale_core v2.2.0
[1m[32m   Compiling[0m potential_utf v0.1.5
[1m[32m   Compiling[0m icu_collections v2.2.0
[1m[32m   Compiling[0m icu_provider v2.2.0
[1m[32m   Compiling[0m regex-automata v0.4.13
[1m[32m   Compiling[0m tracing-attributes v0.1.28
[1m[32m   Compiling[0m inout v0.1.4
[1m[32m   Compiling[0m libm v0.2.11
[1m[32m   Compiling[0m cpufeatures v0.2.17
[1m[32m   Compiling[0m either v1.15.0
[1m[32m   Compiling[0m minimal-lexical v0.2.1
[1m[32m   Compiling[0m linux-raw-sys v0.4.15
[1m[32m   Compiling[0m icu_locale_data v2.2.0
[1m[32m   Compiling[0m subtle v2.6.1
[1m[32m   Compiling[0m icu_normalizer_data v2.2.0
[1m[32m   Compiling[0m pin-project-lite v0.2.16
[1m[32m   Compiling[0m tracing v0.1.41
[1m[32m   Compiling[0m universal-hash v0.5.1
[1m[32m   Compiling[0m nom v7.1.3
[1m[32m   Compiling[0m libloading v0.8.6
[1m[32m   Compiling[0m ppv-lite86 v0.2.21
[1m[32m   Compiling[0m cipher v0.4.4
[1m[32m   Compiling[0m bytemuck_derive v1.9.3
[1m[32m   Compiling[0m rand_core v0.9.3
[1m[32m   Compiling[0m memoffset v0.9.1
[1m[32m   Compiling[0m lock_api v0.4.13
[1m[32m   Compiling[0m home v0.5.11
[1m[32m   Compiling[0m rustix v1.0.7
[1m[32m   Compiling[0m bindgen v0.69.5
[1m[32m   Compiling[0m heck v0.5.0
[1m[32m   Compiling[0m parking_lot_core v0.9.11
[1m[32m   Compiling[0m lazy_static v1.5.0
[1m[32m   Compiling[0m thiserror v2.0.16
[1m[32m   Compiling[0m opaque-debug v0.3.1
[1m[32m   Compiling[0m getrandom v0.4.2
[1m[32m   Compiling[0m icu_collator_data v2.2.0
[1m[32m   Compiling[0m bytemuck v1.23.1
[1m[32m   Compiling[0m polyval v0.6.2
[1m[32m   Compiling[0m sharded-slab v0.1.7
[1m[32m   Compiling[0m strum_macros v0.26.4
[1m[32m   Compiling[0m which v4.4.2
[1m[32m   Compiling[0m rand_chacha v0.9.0
[1m[32m   Compiling[0m regex v1.12.2
[1m[32m   Compiling[0m cexpr v0.6.0
[1m[32m   Compiling[0m itertools v0.10.5
[1m[32m   Compiling[0m matchers v0.2.0
[1m[32m   Compiling[0m turso_macros v0.8.0-pre.2 (/home/runner/work/turso.zig/turso.zig/candidate-turso/macros)
[1m[32m   Compiling[0m thiserror-impl v2.0.16
[1m[32m   Compiling[0m miette-derive v7.6.0
[1m[32m   Compiling[0m tracing-log v0.2.0
[1m[32m   Compiling[0m num-integer v0.1.46
[1m[32m   Compiling[0m aegis v0.9.8
[1m[32m   Compiling[0m simsimd v6.5.3
[1m[32m   Compiling[0m branches v0.4.3
[1m[32m   Compiling[0m crc32c v0.6.8
[1m[32m   Compiling[0m thread_local v1.1.8
[1m[32m   Compiling[0m uncased v0.9.10
[1m[32m   Compiling[0m bigdecimal v0.4.10
[1m[32m   Compiling[0m iana-time-zone v0.1.62
[1m[32m   Compiling[0m nu-ansi-term v0.50.1
[1m[32m   Compiling[0m io-uring v0.7.6
[1m[32m   Compiling[0m utf16_iter v1.0.5
[1m[32m   Compiling[0m powerfmt v0.2.0
[1m[32m   Compiling[0m cfg_aliases v0.2.1
[1m[32m   Compiling[0m lazycell v1.3.0
[1m[32m   Compiling[0m thiserror v1.0.69
[1m[32m   Compiling[0m unicode-width v0.1.14
[1m[32m   Compiling[0m write16 v1.0.0
[1m[32m   Compiling[0m linux-raw-sys v0.9.3
[1m[32m   Compiling[0m scopeguard v1.2.0
[1m[32m   Compiling[0m rustc-hash v1.1.0
[1m[32m   Compiling[0m turso_ext v0.8.0-pre.2 (/home/runner/work/turso.zig/turso.zig/candidate-turso/extensions/core)
[1m[32m   Compiling[0m miette v7.6.0
[1m[32m   Compiling[0m icu_normalizer v2.2.0
[1m[32m   Compiling[0m turso_core v0.8.0-pre.2 (/home/runner/work/turso.zig/turso.zig/candidate-turso/core)
[1m[32m   Compiling[0m deranged v0.5.8
[1m[32m   Compiling[0m tracing-subscriber v0.3.20
[1m[32m   Compiling[0m chrono v0.4.42
[1m[32m   Compiling[0m num-bigint v0.4.6
[1m[32m   Compiling[0m icu_locale v2.2.0
[1m[32m   Compiling[0m strum v0.26.3
[1m[32m   Compiling[0m rand v0.9.4
[1m[32m   Compiling[0m ghash v0.5.1
[1m[32m   Compiling[0m ctr v0.9.2
[1m[32m   Compiling[0m aes v0.8.4
[1m[32m   Compiling[0m icu_properties v2.2.0
[1m[32m   Compiling[0m thiserror-impl v1.0.69
[1m[32m   Compiling[0m aristo-macros v0.4.1
[1m[32m   Compiling[0m aead v0.5.2
[1m[32m   Compiling[0m itoa v1.0.15
[1m[32m   Compiling[0m num-conv v0.2.1
[1m[32m   Compiling[0m siphasher v1.0.1
[1m[32m   Compiling[0m softaes v0.1.3
[1m[32m   Compiling[0m fastrand v2.3.0
[1m[32m   Compiling[0m sha1_smol v1.0.1
[1m[32m   Compiling[0m byteorder v1.5.0
[1m[32m   Compiling[0m time-core v0.1.8
[1m[32m   Compiling[0m roaring v0.11.2
[1m[32m   Compiling[0m uuid v1.17.0
[1m[32m   Compiling[0m time v0.3.47
[1m[32m   Compiling[0m tempfile v3.20.0
[1m[32m   Compiling[0m fastbloom v0.14.1
[1m[32m   Compiling[0m aristo v0.4.1
[1m[32m   Compiling[0m aes-gcm v0.10.3
[1m[32m   Compiling[0m icu_collator v2.2.0
[1m[32m   Compiling[0m parking_lot v0.12.4
[1m[32m   Compiling[0m intrusive-collections v0.9.7
[1m[32m   Compiling[0m twox-hash v2.1.1
[1m[32m   Compiling[0m turso_parser v0.8.0-pre.2 (/home/runner/work/turso.zig/turso.zig/candidate-turso/sqlite/parser)
[1m[32m   Compiling[0m turso_sdk_kit v0.8.0-pre.2 (/home/runner/work/turso.zig/turso.zig/candidate-turso/sdk-kit)
[1m[32m   Compiling[0m polling v3.7.4
[1m[32m   Compiling[0m pack1 v1.0.0
[1m[32m   Compiling[0m crossbeam-channel v0.5.15
[1m[32m   Compiling[0m crossbeam-epoch v0.9.18
[1m[32m   Compiling[0m rapidhash v4.1.1
[1m[32m   Compiling[0m env_filter v0.1.3
[1m[32m   Compiling[0m fallible-iterator v0.3.0
[1m[32m   Compiling[0m simdutf8 v0.1.5
[1m[32m   Compiling[0m bumpalo v3.17.0
[1m[32m   Compiling[0m rustc-hash v2.1.1
[1m[32m   Compiling[0m pastey v0.2.1
[1m[32m   Compiling[0m allocator-api2 v0.4.0
[1m[32m   Compiling[0m cfg_block v0.1.1
[1m[32m   Compiling[0m arc-swap v1.7.1
[1m[32m   Compiling[0m hex v0.4.3
[1m[32m   Compiling[0m ryu v1.0.20
[1m[32m   Compiling[0m env_logger v0.11.7
[1m[32m   Compiling[0m tracing-appender v0.2.3
[1m[32m   Compiling[0m turso_sdk_kit_macros v0.8.0-pre.2 (/home/runner/work/turso.zig/turso.zig/candidate-turso/sdk-kit-macros)
[0m[1m[33mwarning[0m[0m[1m: unused import: `crate::translate::collate::CollationSeq`[0m
[0m  [0m[0m[1m[38;5;12m--> [0m[0mcore/vdbe/mod.rs:43:9[0m
[0m   [0m[0m[1m[38;5;12m|[0m
[0m[1m[38;5;12m43[0m[0m [0m[0m[1m[38;5;12m|[0m[0m [0m[0mpub use crate::translate::collate::CollationSeq;[0m
[0m   [0m[0m[1m[38;5;12m|[0m[0m         [0m[0m[1m[33m^^^^^^^^^^^^^^^^^^^^^^^^^^^^^^^^^^^^^^^[0m
[0m   [0m[0m[1m[38;5;12m|[0m
[0m   [0m[0m[1m[38;5;12m= [0m[0m[1mnote[0m[0m: `#[warn(unused_imports)]` on by default[0m

[1m[33mwarning[0m[1m:[0m `turso_core` (lib) generated 1 warning (run `cargo fix --lib -p turso_core` to apply 1 suggestion)
[1m[32m    Finished[0m `lib-release` profile [optimized] target(s) in 3m 05s
32-bit safe API compile OK
contention successes=1 busy=7
turso.zig soak iterations=64 workers=4 seed=195936478
contention successes=8 busy=248
resources fd_before=8 fd_after=8 threads_before=1 threads_after=1
turso.zig soak completed
Build Summary: 71/71 steps succeeded; 136/136 tests passed
test success
+- test-pure success
|  +- test-ownership-invariants success
|  |  +- run exe turso-ownership-invariant-probe success 931us
|  |  |  +- compile exe turso-ownership-invariant-probe safe native success 25s MaxRSS:350M
|  |  +- run exe turso-ownership-invariant-probe success 2ms
|  |  |  +- compile exe turso-ownership-invariant-probe safe native (reused)
|  |  +- run exe turso-ownership-invariant-probe success 5ms
|  |  |  +- compile exe turso-ownership-invariant-probe safe native (reused)
|  |  +- run exe turso-ownership-invariant-probe success 4ms
|  |  |  +- compile exe turso-ownership-invariant-probe safe native (reused)
|  |  +- run exe turso-ownership-invariant-probe success 939us
|  |     +- compile exe turso-ownership-invariant-probe safe native (reused)
|  +- run test turso-status-tests 5 pass (5 total) 1ms MaxRSS:1M
|  |  +- compile test turso-status-tests safe native success 19s MaxRSS:418M
|  +- run test turso-diagnostics-tests 3 pass (3 total) 1ms MaxRSS:2M
|  |  +- compile test turso-diagnostics-tests safe native success 38s MaxRSS:427M
|  +- run test turso-value-tests 6 pass (6 total) 3ms MaxRSS:1M
|  |  +- compile test turso-value-tests safe native success 18s MaxRSS:412M
|  +- run test turso-config-tests 9 pass (9 total) 2ms MaxRSS:2M
|  |  +- compile test turso-config-tests safe native success 16s MaxRSS:405M
|  +- run test turso-sync-partial-policy-tests 1 pass (1 total) 1ms MaxRSS:2M
|  |  +- compile test turso-sync-partial-policy-tests safe native success 16s MaxRSS:391M
|  +- run test turso-cstring-tests 3 pass (3 total) 4ms MaxRSS:2M
|  |  +- compile test turso-cstring-tests safe native success 37s MaxRSS:389M
|  +- run test turso-archive-sanitizer-tests 3 pass (3 total) 1ms MaxRSS:2M
|  |  +- compile test turso-archive-sanitizer-tests safe native success 21s MaxRSS:397M
|  +- run test turso-statement-io-tests 9 pass (9 total) 5ms MaxRSS:5M
|     +- compile test turso-statement-io-tests safe native success 45s MaxRSS:397M
|        +- translate-c success 32ms MaxRSS:42M
+- run bash success 411ms
+- run test turso-abi-tests 6 pass (6 total) 2ms MaxRSS:11M
|  +- compile test turso-abi-tests safe native success 15s MaxRSS:385M
|     +- run exe turso-sanitize-static-archive (libturso_sdk_kit.a) success 229ms
|     |  +- compile exe turso-sanitize-static-archive safe native success 43s MaxRSS:392M
|     |  +- WriteFile libturso_sdk_kit.a success
|     |     +- run bash success 3m
|     +- options success
|     +- translate-c (reused)
+- run test turso-version-mismatch-tests 1 pass (1 total) 1ms MaxRSS:3M
|  +- compile test turso-version-mismatch-tests safe native success 15s MaxRSS:399M
|     +- options cached
|     +- translate-c (reused)
+- run test turso-ffi-ownership-tests 1 pass (1 total) 2ms MaxRSS:2M
|  +- compile test turso-ffi-ownership-tests safe native success 29s MaxRSS:412M
|     +- translate-c (reused)
+- run test turso-partial-database-tests 3 pass (3 total) 3ms MaxRSS:5M
|  +- compile test turso-partial-database-tests safe native success 16s MaxRSS:398M
|     +- options (reused)
|     +- translate-c (reused)
+- run test turso-database-tests 9 pass (9 total) 8ms MaxRSS:17M
|  +- compile test turso-database-tests safe native success 16s MaxRSS:388M
|     +- run exe turso-sanitize-static-archive (libturso_sdk_kit.a) (+2 more reused dependencies)
|     +- options (reused)
|     +- translate-c (reused)
+- run test turso-statement-tests 10 pass (10 total) 12ms MaxRSS:18M
|  +- compile test turso-statement-tests safe native success 18s MaxRSS:409M
|     +- run exe turso-sanitize-static-archive (libturso_sdk_kit.a) (+2 more reused dependencies)
|     +- options (reused)
|     +- translate-c (reused)
+- run test turso-runtime-tests 2 pass (2 total) 1ms MaxRSS:2M
|  +- compile test turso-runtime-tests safe native success 23s MaxRSS:421M
|     +- run exe turso-sanitize-static-archive (libturso_sdk_kit.a) (+2 more reused dependencies)
|     +- options (reused)
|     +- translate-c (reused)
+- run test turso-runtime-unit-tests 3 pass (3 total) 1ms MaxRSS:3M
|  +- compile test turso-runtime-unit-tests safe native success 15s MaxRSS:383M
|     +- run exe turso-sanitize-static-archive (libturso_sdk_kit.a) (+2 more reused dependencies)
|     +- options (reused)
|     +- translate-c (reused)
+- run test turso-ergonomics-tests 11 pass (11 total) 21ms MaxRSS:17M
|  +- compile test turso-ergonomics-tests safe native success 21s MaxRSS:441M
|     +- run exe turso-sanitize-static-archive (libturso_sdk_kit.a) (+2 more reused dependencies)
|     +- options (reused)
|     +- translate-c (reused)
+- run test turso-transaction-tests 10 pass (10 total) 21ms MaxRSS:20M
|  +- compile test turso-transaction-tests safe native success 17s MaxRSS:411M
|     +- run exe turso-sanitize-static-archive (libturso_sdk_kit.a) (+2 more reused dependencies)
|     +- options (reused)
|     +- translate-c (reused)
+- run test turso-batch-tests 8 pass (8 total) 15ms MaxRSS:17M
|  +- compile test turso-batch-tests safe native success 17s MaxRSS:419M
|     +- run exe turso-sanitize-static-archive (libturso_sdk_kit.a) (+2 more reused dependencies)
|     +- options (reused)
|     +- translate-c (reused)
+- run test turso-security-tests 4 pass (4 total) 10ms MaxRSS:16M
|  +- compile test turso-security-tests safe native success 16s MaxRSS:399M
|     +- run exe turso-sanitize-static-archive (libturso_sdk_kit.a) (+2 more reused dependencies)
|     +- options (reused)
|     +- translate-c (reused)
+- run test turso-function-tests 10 pass (10 total) 9ms MaxRSS:16M
|  +- compile test turso-function-tests safe native success 16s MaxRSS:407M
|     +- run exe turso-sanitize-static-archive (libturso_sdk_kit.a) (+2 more reused dependencies)
|     +- options (reused)
|     +- translate-c (reused)
+- run test turso-failure-tests 5 pass (5 total) 7ms MaxRSS:18M
|  +- compile test turso-failure-tests safe native success 16s MaxRSS:407M
|     +- run exe turso-sanitize-static-archive (libturso_sdk_kit.a) (+2 more reused dependencies)
|     +- options (reused)
|     +- translate-c (reused)
+- run test turso-differential-tests 2 pass (2 total) 3ms MaxRSS:14M
|  +- compile test turso-differential-tests safe native success 16s MaxRSS:401M
|     +- run exe turso-sanitize-static-archive (libturso_sdk_kit.a) (+2 more reused dependencies)
|     +- options (reused)
|     +- translate-c (reused)
+- run test turso-production-tests 10 pass (10 total) 254ms MaxRSS:26M
|  +- compile test turso-production-tests safe native success 17s MaxRSS:421M
|     +- run exe turso-sanitize-static-archive (libturso_sdk_kit.a) (+2 more reused dependencies)
|     +- options (reused)
|     +- translate-c (reused)
+- run test turso-sql-corpus-tests 2 pass (2 total) 19ms MaxRSS:30M
|  +- compile test turso-sql-corpus-tests safe native success 16s MaxRSS:404M
|     +- run exe turso-sanitize-static-archive (libturso_sdk_kit.a) (+2 more reused dependencies)
|     +- options (reused)
|     +- translate-c (reused)
+- run exe turso-durability-fixture (durability-scratch) success 28ms
|  +- compile exe turso-durability-fixture safe native success 14s MaxRSS:381M
|  |  +- run exe turso-sanitize-static-archive (libturso_sdk_kit.a) (+2 more reused dependencies)
|  |  +- options (reused)
|  |  +- translate-c (reused)
|  +- compile exe turso-durability-fixture safe native (+3 more reused dependencies)
+- run exe turso-soak success 165ms
   +- compile exe turso-soak safe native success 14s MaxRSS:394M
      +- run exe turso-sanitize-static-archive (libturso_sdk_kit.a) (+2 more reused dependencies)
      +- options (reused)
      +- translate-c (reused)

